igorv@Igor_Not MINGW64 /d/ARQUIVOS/Documents/Desafio-1/Primeiro-Desafio-Philips-Jornada-Ate-Aqui (main)
$ git init
Reinitialized existing Git repository in D:/ARQUIVOS/Documents/Desafio-1/Primeiro-Desafio-Philips-Jornada-Ate-Aqui/.git/

igorv@Igor_Not MINGW64 /d/ARQUIVOS/Documents/Desafio-1/Primeiro-Desafio-Philips-Jornada-Ate-Aqui (main)
$ git status
On branch main
Your branch is up to date with 'origin/main'.

Changes not staged for commit:
  (use "git add <file>..." to update what will be committed)
  (use "git restore <file>..." to discard changes in working directory)
        modified:   README.md

Untracked files:
  (use "git add <file>..." to include in what will be committed)
        README.md.bak

no changes added to commit (use "git add" and/or "git commit -a")

igorv@Igor_Not MINGW64 /d/ARQUIVOS/Documents/Desafio-1/Primeiro-Desafio-Philips-Jornada-Ate-Aqui (main)
$ git add .

igorv@Igor_Not MINGW64 /d/ARQUIVOS/Documents/Desafio-1/Primeiro-Desafio-Philips-Jornada-Ate-Aqui (main)
$ git status
On branch main
Your branch is up to date with 'origin/main'.

Changes to be committed:
  (use "git restore --staged <file>..." to unstage)
        modified:   README.md
        new file:   README.md.bak


igorv@Igor_Not MINGW64 /d/ARQUIVOS/Documents/Desafio-1/Primeiro-Desafio-Philips-Jornada-Ate-Aqui (main)
$ git commit -m "Inserindo dados no meu Readme"
[main d243c4d] Inserindo dados no meu Readme
 2 files changed, 15 insertions(+), 1 deletion(-)
 create mode 100644 README.md.bak

igorv@Igor_Not MINGW64 /d/ARQUIVOS/Documents/Desafio-1/Primeiro-Desafio-Philips-Jornada-Ate-Aqui (main)
$ git push origin main
Enumerating objects: 6, done.
Counting objects: 100% (6/6), done.
Delta compression using up to 4 threads
Compressing objects: 100% (4/4), done.
Writing objects: 100% (4/4), 482 bytes | 482.00 KiB/s, done.
Total 4 (delta 1), reused 0 (delta 0), pack-reused 0
remote: Resolving deltas: 100% (1/1), done.
To https://github.com/igorvila01/Primeiro-Desafio-Philips-Jornada-Ate-Aqui.git
   10a10d4..d243c4d  main -> main

igorv@Igor_Not MINGW64 /d/ARQUIVOS/Documents/Desafio-1/Primeiro-Desafio-Philips-Jornada-Ate-Aqui (main)
$ git status
On branch main
Your branch is up to date with 'origin/main'.

Untracked files:
  (use "git add <file>..." to include in what will be committed)
        "Logica de Programa\303\247\303\243o Essencial/"

nothing added to commit but untracked files present (use "git add" to track)

igorv@Igor_Not MINGW64 /d/ARQUIVOS/Documents/Desafio-1/Primeiro-Desafio-Philips-Jornada-Ate-Aqui (main)
$ git add .

igorv@Igor_Not MINGW64 /d/ARQUIVOS/Documents/Desafio-1/Primeiro-Desafio-Philips-Jornada-Ate-Aqui (main)
$ git commit -m "Incluindo minhas considerações de Logica de Programação"
[main 7c08a6e] Incluindo minhas considerações de Logica de Programação
 2 files changed, 4 insertions(+)
 create mode 100644 "Logica de Programa\303\247\303\243o Essencial/Anota\303\247\303\265es.md"
 create mode 100644 "Logica de Programa\303\247\303\243o Essencial/Anota\303\247\303\265es.md.bak"

igorv@Igor_Not MINGW64 /d/ARQUIVOS/Documents/Desafio-1/Primeiro-Desafio-Philips-Jornada-Ate-Aqui (main)
$ git push origin main
Enumerating objects: 6, done.
Counting objects: 100% (6/6), done.
Delta compression using up to 4 threads
Compressing objects: 100% (4/4), done.
Writing objects: 100% (5/5), 602 bytes | 602.00 KiB/s, done.
Total 5 (delta 0), reused 0 (delta 0), pack-reused 0
To https://github.com/igorvila01/Primeiro-Desafio-Philips-Jornada-Ate-Aqui.git
   d243c4d..7c08a6e  main -> main

igorv@Igor_Not MINGW64 /d/ARQUIVOS/Documents/Desafio-1/Primeiro-Desafio-Philips-Jornada-Ate-Aqui (main)
$ git add .

igorv@Igor_Not MINGW64 /d/ARQUIVOS/Documents/Desafio-1/Primeiro-Desafio-Philips-Jornada-Ate-Aqui (main)
$ git commit -m "Inserindo considerações das aulas de pensamento computacional"
[main 295c79d] Inserindo considerações das aulas de pensamento computacional
 2 files changed, 4 insertions(+)
 create mode 100644 "Pensamento Computacional/Anota\303\247\303\265es.md"
 create mode 100644 "Pensamento Computacional/Anota\303\247\303\265es.md.bak"

igorv@Igor_Not MINGW64 /d/ARQUIVOS/Documents/Desafio-1/Primeiro-Desafio-Philips-Jornada-Ate-Aqui (main)
$ git push origin main
Enumerating objects: 6, done.
Counting objects: 100% (6/6), done.
Delta compression using up to 4 threads
Compressing objects: 100% (4/4), done.
Writing objects: 100% (5/5), 647 bytes | 647.00 KiB/s, done.
Total 5 (delta 0), reused 0 (delta 0), pack-reused 0
To https://github.com/igorvila01/Primeiro-Desafio-Philips-Jornada-Ate-Aqui.git
   7c08a6e..295c79d  main -> main

igorv@Igor_Not MINGW64 /d/ARQUIVOS/Documents/Desafio-1/Primeiro-Desafio-Philips-Jornada-Ate-Aqui (main)
$ git status
On branch main
Your branch is up to date with 'origin/main'.

nothing to commit, working tree clean

igorv@Igor_Not MINGW64 /d/ARQUIVOS/Documents/Desafio-1/Primeiro-Desafio-Philips-Jornada-Ate-Aqui (main)
$ git status
On branch main
Your branch is up to date with 'origin/main'.

Changes not staged for commit:
  (use "git add/rm <file>..." to update what will be committed)
  (use "git restore <file>..." to discard changes in working directory)
        deleted:    "Logica de Programa\303\247\303\243o Essencial/Anota\303\247\303\265es.md"
        deleted:    "Logica de Programa\303\247\303\243o Essencial/Anota\303\247\303\265es.md.bak"
        deleted:    "Pensamento Computacional/Anota\303\247\303\265es.md"
        deleted:    "Pensamento Computacional/Anota\303\247\303\265es.md.bak"

Untracked files:
  (use "git add <file>..." to include in what will be committed)
        Aulas/

no changes added to commit (use "git add" and/or "git commit -a")

igorv@Igor_Not MINGW64 /d/ARQUIVOS/Documents/Desafio-1/Primeiro-Desafio-Philips-Jornada-Ate-Aqui (main)
$ git add.
git: 'add.' is not a git command. See 'git --help'.

The most similar command is
        add

igorv@Igor_Not MINGW64 /d/ARQUIVOS/Documents/Desafio-1/Primeiro-Desafio-Philips-Jornada-Ate-Aqui (main)
$ git add .

igorv@Igor_Not MINGW64 /d/ARQUIVOS/Documents/Desafio-1/Primeiro-Desafio-Philips-Jornada-Ate-Aqui (main)
$ git status
On branch main
Your branch is up to date with 'origin/main'.

Changes to be committed:
  (use "git restore --staged <file>..." to unstage)
        new file:   "Aulas/Introdu\303\247\303\243o ao Git e ao Github/Anota\303\247\303\265es.md"
        renamed:    "Logica de Programa\303\247\303\243o Essencial/Anota\303\247\303\265es.md.bak" -> "Aulas/Introdu\303\247\303\243o ao Git e ao Github/Anota\303\247\303\265es.md.bak"
        renamed:    "Logica de Programa\303\247\303\243o Essencial/Anota\303\247\303\265es.md" -> "Aulas/Logica de Programa\303\247\303\243o Essencial/Anota\303\247\303\265es.md"
        renamed:    "Pensamento Computacional/Anota\303\247\303\265es.md.bak" -> "Aulas/Logica de Programa\303\247\303\243o Essencial/Anota\303\247\303\265es.md.bak"
        renamed:    "Pensamento Computacional/Anota\303\247\303\265es.md" -> "Aulas/Pensamento Computacional/Anota\303\247\303\265es.md"
        new file:   "Aulas/Pensamento Computacional/Anota\303\247\303\265es.md.bak"


igorv@Igor_Not MINGW64 /d/ARQUIVOS/Documents/Desafio-1/Primeiro-Desafio-Philips-Jornada-Ate-Aqui (main)
$ git commit -m "Organizar as pastas do repositorio e inserir as anotaçoes da aula de Introdução ao Git e ao Github"
[main 81cff72] Organizar as pastas do repositorio e inserir as anotaçoes da aula de Introdução ao Git e ao Github
 6 files changed, 11 insertions(+)
 create mode 100644 "Aulas/Introdu\303\247\303\243o ao Git e ao Github/Anota\303\247\303\265es.md"
 rename "Logica de Programa\303\247\303\243o Essencial/Anota\303\247\303\265es.md.bak" => "Aulas/Introdu\303\247\303\243o ao Git e ao Github/Anota\303\247\303\265es.md.bak" (100%)
 rename "Logica de Programa\303\247\303\243o Essencial/Anota\303\247\303\265es.md" => "Aulas/Logica de Programa\303\247\303\243o Essencial/Anota\303\247\303\265es.md" (100%)
 rename "Pensamento Computacional/Anota\303\247\303\265es.md.bak" => "Aulas/Logica de Programa\303\247\303\243o Essencial/Anota\303\247\303\265es.md.bak" (100%)
 rename "Pensamento Computacional/Anota\303\247\303\265es.md" => "Aulas/Pensamento Computacional/Anota\303\247\303\265es.md" (100%)
 create mode 100644 "Aulas/Pensamento Computacional/Anota\303\247\303\265es.md.bak"

igorv@Igor_Not MINGW64 /d/ARQUIVOS/Documents/Desafio-1/Primeiro-Desafio-Philips-Jornada-Ate-Aqui (main)
$
